[romartel.webnode.page/index.html]
[duyn491kcolsw.cloudfront.net/index.html]
[duyn491kcolsw.cloudfront.net/files/03/03l/03lww0e805.svg]
[duyn491kcolsw.cloudfront.net/files/1p/1pf/1pfgaje805.svg]
[duyn491kcolsw.cloudfront.net/files/2s/2sd/2sd9d9e805.ico]
[backblue.gif]
[fade.gif]
[index.html]
[duyn491kcolsw.cloudfront.net/files/0r/0rk/0rklmme805.css]
[duyn491kcolsw.cloudfront.net/files/3n/3ny/3ny4ode805.css]
[duyn491kcolsw.cloudfront.net/files/2u/2uq/2uqmi8e805.css]
[duyn491kcolsw.cloudfront.net/files/0k/0k1/0k1ucse805.css]
[duyn491kcolsw.cloudfront.net/files/0o/0on/0onzbje805.css]
[duyn491kcolsw.cloudfront.net/files/34/34q/34qmjbe805.css]
[duyn491kcolsw.cloudfront.net/files/3d/3dz/3dzb9fe805.css]
[duyn491kcolsw.cloudfront.net/files/01/013/0133uae805.css]
[duyn491kcolsw.cloudfront.net/client/js.polyfill/container-query-polyfill.modern.js]
[romartel.webnode.page/index.html]
[duyn491kcolsw.cloudfront.net/files/2m/2m8/2m8msce805.css]
[fonts.gstatic.com/index.html]
[duyn491kcolsw.cloudfront.net/files/03/03l/03lww0e805.svg]
[duyn491kcolsw.cloudfront.net/files/1p/1pf/1pfgaje805.svg]
[duyn491kcolsw.cloudfront.net/files/0r/0rk/0rklmme805.css]
[duyn491kcolsw.cloudfront.net/files/3n/3ny/3ny4ode805.css]
[duyn491kcolsw.cloudfront.net/files/3p/3pq/3pq60x.png]
[duyn491kcolsw.cloudfront.net/files/2u/2uq/2uqmi8e805.css]
[duyn491kcolsw.cloudfront.net/files/0k/0k1/0k1ucse805.css]
[duyn491kcolsw.cloudfront.net/files/0o/0on/0onzbje805.css]
[duyn491kcolsw.cloudfront.net/files/34/34q/34qmjbe805.css]
[duyn491kcolsw.cloudfront.net/files/3e/3ez/3ezykje805.css]
[duyn491kcolsw.cloudfront.net/files/3d/3dz/3dzb9fe805.css]
[duyn491kcolsw.cloudfront.net/files/01/013/0133uae805.css]
[duyn491kcolsw.cloudfront.net/files/2m/2m8/2m8msce805.css]
